// Jest Snapshot v1, https://goo.gl/fbAQLP

exports[`CalcButtons should match snapshot 1`] = `
<div
  class="calc-outer-container"
>
  <button
    type="button"
  >
    AC
  </button>
  <button
    type="button"
  >
    +/-
  </button>
  <button
    type="button"
  >
    %
  </button>
  <button
    class="coloured"
    type="button"
  >
    รท
  </button>
  <button
    type="button"
  >
    7
  </button>
  <button
    type="button"
  >
    8
  </button>
  <button
    type="button"
  >
    9
  </button>
  <button
    class="coloured"
    type="button"
  >
    ร
  </button>
  <button
    type="button"
  >
    4
  </button>
  <button
    type="button"
  >
    5
  </button>
  <button
    type="button"
  >
    6
  </button>
  <button
    class="coloured"
    type="button"
  >
    -
  </button>
  <button
    type="button"
  >
    1
  </button>
  <button
    type="button"
  >
    2
  </button>
  <button
    type="button"
  >
    3
  </button>
  <button
    class="coloured"
    type="button"
  >
    +
  </button>
  <button
    class="spanner"
    type="button"
  >
    0
  </button>
  <button
    type="button"
  >
    .
  </button>
  <button
    class="coloured"
    type="button"
  >
    =
  </button>
</div>
`;
